******************************************************************************
                  MSP430 Linker PC v15.12.3                    
******************************************************************************
>> Linked Fri Sep 30 14:34:46 2016

OUTPUT FILE NAME:   <Generator.out>
ENTRY POINT SYMBOL: "_c_int00_noargs_noexit"  address: 0000f1b4


MEMORY CONFIGURATION

         name            origin    length      used     unused   attr    fill
----------------------  --------  ---------  --------  --------  ----  --------
  SFR                   00000000   00000010  00000000  00000010  RWIX
  PERIPHERALS_8BIT      00000010   000000f0  00000000  000000f0  RWIX
  PERIPHERALS_16BIT     00000100   00000100  00000000  00000100  RWIX
  RAM                   00000200   00000100  00000060  000000a0  RWIX
  INFOD                 00001000   00000040  00000000  00000040  RWIX
  INFOC                 00001040   00000040  00000000  00000040  RWIX
  INFOB                 00001080   00000040  00000000  00000040  RWIX
  INFOA                 000010c0   00000040  00000000  00000040  RWIX
  FLASH                 0000e000   00001fe0  00001296  00000d4a  RWIX
  INT00                 0000ffe0   00000002  00000000  00000002  RWIX
  INT01                 0000ffe2   00000002  00000000  00000002  RWIX
  INT02                 0000ffe4   00000002  00000002  00000000  RWIX
  INT03                 0000ffe6   00000002  00000002  00000000  RWIX
  INT04                 0000ffe8   00000002  00000002  00000000  RWIX
  INT05                 0000ffea   00000002  00000002  00000000  RWIX
  INT06                 0000ffec   00000002  00000000  00000002  RWIX
  INT07                 0000ffee   00000002  00000000  00000002  RWIX
  INT08                 0000fff0   00000002  00000002  00000000  RWIX
  INT09                 0000fff2   00000002  00000002  00000000  RWIX
  INT10                 0000fff4   00000002  00000002  00000000  RWIX
  INT11                 0000fff6   00000002  00000002  00000000  RWIX
  INT12                 0000fff8   00000002  00000000  00000002  RWIX
  INT13                 0000fffa   00000002  00000000  00000002  RWIX
  INT14                 0000fffc   00000002  00000002  00000000  RWIX
  RESET                 0000fffe   00000002  00000002  00000000  RWIX


SECTION ALLOCATION MAP

 output                                  attributes/
section   page    origin      length       input sections
--------  ----  ----------  ----------   ----------------
.data      0    00000200    00000010     UNINITIALIZED
                  00000200    00000010     main.obj (.data)

.stack     0    000002b0    00000050     UNINITIALIZED
                  000002b0    00000002     rts430_eabi.lib : boot.obj (.stack)
                  000002b2    0000004e     --HOLE--

.text      0    0000e000    0000127a     
                  0000e000    000002f4     rts430_eabi.lib : frcmpyd.obj (.text:__TI_frcmpyd)
                  0000e2f4    000002e8                     : addd.obj (.text:__mspabi_addd)
                  0000e5dc    0000026e                     : mpyd.obj (.text:__mspabi_mpyd)
                  0000e84a    00000260                     : frcaddd.obj (.text:__TI_frcaddd)
                  0000eaaa    00000138     main.obj (.text:Timer_A)
                  0000ebe2    000000dc     rts430_eabi.lib : cmpd.obj (.text:__mspabi_cmpd)
                  0000ecbe    000000be                     : renormd.obj (.text:__TI_renormd)
                  0000ed7c    0000008a                     : fltuld.obj (.text:__mspabi_fltuld)
                  0000ee06    00000074                     : fixdul.obj (.text:__mspabi_fixdul)
                  0000ee7a    0000006e                     : autoinit.obj (.text:_auto_init)
                  0000eee8    00000064                     : copy_decompress_rle.obj (.text:__TI_decompress_rle_core)
                  0000ef4c    0000005c                     : lsr32.obj (.text:l_lsr_const)
                  0000efa8    0000005a                     : cpy_tbl.obj (.text:copy_in)
                  0000f002    0000004c                     : lsr16.obj (.text)
                  0000f04e    0000003e                     : asr32.obj (.text:l_asr_const)
                  0000f08c    0000003e                     : lsl32.obj (.text:l_lsl_const)
                  0000f0ca    0000003e     main.obj (.text:main)
                  0000f108    0000002e     rts430_eabi.lib : subd.obj (.text:__mspabi_subd)
                  0000f136    0000002c                     : asr16.obj (.text)
                  0000f162    0000002c                     : lsl16.obj (.text)
                  0000f18e    00000026                     : mult32.obj (.text)
                  0000f1b4    0000001a                     : boot_special.obj (.text:_c_int00_noargs_noexit)
                  0000f1ce    00000014                     : mult16.obj (.text)
                  0000f1e2    00000012                     : fixdu.obj (.text:__mspabi_fixdu)
                  0000f1f4    00000012                     : copy_decompress_none.obj (.text:decompress:none:__TI_decompress_none)
                  0000f206    00000012                     : lsr32.obj (.text:l_lsr)
                  0000f218    00000012                     : memcpy.obj (.text:memcpy)
                  0000f22a    00000010                     : asr32.obj (.text:l_asr)
                  0000f23a    00000010                     : lsl32.obj (.text:l_lsl)
                  0000f24a    00000010                     : epilog.obj (.text)
                  0000f25a    00000008                     : isr_trap.obj (.text:_isr:__TI_ISR_TRAP)
                  0000f262    00000006                     : fltud.obj (.text:__mspabi_fltud)
                  0000f268    00000006                     : exit.obj (.text:abort)
                  0000f26e    00000006                     : copy_decompress_rle.obj (.text:decompress:rle24:__TI_decompress_rle24)
                  0000f274    00000004                     : pre_init.obj (.text:_system_pre_init)
                  0000f278    00000002                     : startup.obj (.text:_system_post_cinit)

.cinit     0    0000f27a    0000001c     
                  0000f27a    00000014     (.cinit..data.load) [load image]
                  0000f28e    00000004     (__TI_handler_table)
                  0000f292    00000004     (__TI_cinit_table)

.binit     0    0000e000    00000000     

.init_array 
*          0    0000e000    00000000     UNINITIALIZED

PORT1      0    0000ffe4    00000002     
                  0000ffe4    00000002     rts430_eabi.lib : int02.obj (.int02)

PORT2      0    0000ffe6    00000002     
                  0000ffe6    00000002     rts430_eabi.lib : int03.obj (.int03)

USI        0    0000ffe8    00000002     
                  0000ffe8    00000002     rts430_eabi.lib : int04.obj (.int04)

ADC10      0    0000ffea    00000002     
                  0000ffea    00000002     rts430_eabi.lib : int05.obj (.int05)

TIMER0_A1 
*          0    0000fff0    00000002     
                  0000fff0    00000002     rts430_eabi.lib : int08.obj (.int08)

TIMER0_A0 
*          0    0000fff2    00000002     
                  0000fff2    00000002     main.obj (.int09)

WDT        0    0000fff4    00000002     
                  0000fff4    00000002     rts430_eabi.lib : int10.obj (.int10)

COMPARATORA 
*          0    0000fff6    00000002     
                  0000fff6    00000002     rts430_eabi.lib : int11.obj (.int11)

NMI        0    0000fffc    00000002     
                  0000fffc    00000002     rts430_eabi.lib : int14.obj (.int14)

.reset     0    0000fffe    00000002     
                  0000fffe    00000002     rts430_eabi.lib : boot.obj (.reset)

MODULE SUMMARY

       Module                     code   ro data   rw data
       ------                     ----   -------   -------
    .\
       main.obj                   374    2         16     
    +--+--------------------------+------+---------+---------+
       Total:                     374    2         16     
                                                          
    C:\ti\ccsv6\tools\compiler\msp430_15.12.3.LTS\lib\rts430_eabi.lib
       frcmpyd.obj                756    0         0      
       addd.obj                   744    0         0      
       mpyd.obj                   622    0         0      
       frcaddd.obj                608    0         0      
       cmpd.obj                   220    0         0      
       renormd.obj                190    0         0      
       fltuld.obj                 138    0         0      
       fixdul.obj                 116    0         0      
       autoinit.obj               110    0         0      
       lsr32.obj                  110    0         0      
       copy_decompress_rle.obj    106    0         0      
       cpy_tbl.obj                90     0         0      
       asr32.obj                  78     0         0      
       lsl32.obj                  78     0         0      
       lsr16.obj                  76     0         0      
       subd.obj                   46     0         0      
       asr16.obj                  44     0         0      
       lsl16.obj                  44     0         0      
       mult32.obj                 38     0         0      
       boot_special.obj           26     0         0      
       mult16.obj                 20     0         0      
       copy_decompress_none.obj   18     0         0      
       fixdu.obj                  18     0         0      
       memcpy.obj                 18     0         0      
       epilog.obj                 16     0         0      
       isr_trap.obj               8      0         0      
       exit.obj                   6      0         0      
       fltud.obj                  6      0         0      
       pre_init.obj               4      0         0      
       boot.obj                   0      2         0      
       int02.obj                  0      2         0      
       int03.obj                  0      2         0      
       int04.obj                  0      2         0      
       int05.obj                  0      2         0      
       int08.obj                  0      2         0      
       int10.obj                  0      2         0      
       int11.obj                  0      2         0      
       int14.obj                  0      2         0      
       startup.obj                2      0         0      
    +--+--------------------------+------+---------+---------+
       Total:                     4356   18        0      
                                                          
       Stack:                     0      0         80     
       Linker Generated:          0      28        0      
    +--+--------------------------+------+---------+---------+
       Grand Total:               4730   48        96     


LINKER GENERATED COPY TABLES

__TI_cinit_table @ 0000f292 records: 1, size/record: 4, table size: 4
	.data: load addr=0000f27a, load size=00000014 bytes, run addr=00000200, run size=00000010 bytes, compression=copy


LINKER GENERATED HANDLER TABLE

__TI_handler_table @ 0000f28e records: 2, size/record: 2, table size: 4
	index: 0, handler: __TI_decompress_rle24
	index: 1, handler: __TI_decompress_none


GLOBAL SYMBOLS: SORTED ALPHABETICALLY BY Name 

address   name                    
-------   ----                    
0000004a  ADC10AE0                
000001b0  ADC10CTL0               
000001b2  ADC10CTL1               
00000048  ADC10DTC0               
00000049  ADC10DTC1               
000001b4  ADC10MEM                
000001bc  ADC10SA                 
00000057  BCSCTL1                 
00000058  BCSCTL2                 
00000053  BCSCTL3                 
0000f268  C$$EXIT                 
00000059  CACTL1                  
0000005a  CACTL2                  
000010fb  CALBC1_12MHZ            
000010f9  CALBC1_16MHZ            
000010ff  CALBC1_1MHZ             
000010fd  CALBC1_8MHZ             
000010fa  CALDCO_12MHZ            
000010f8  CALDCO_16MHZ            
000010fe  CALDCO_1MHZ             
000010fc  CALDCO_8MHZ             
0000005b  CAPD                    
00000056  DCOCTL                  
00000128  FCTL1                   
0000012a  FCTL2                   
0000012c  FCTL3                   
00000000  IE1                     
00000002  IFG1                    
00000022  P1DIR                   
00000025  P1IE                    
00000024  P1IES                   
00000023  P1IFG                   
00000020  P1IN                    
00000021  P1OUT                   
00000027  P1REN                   
00000026  P1SEL                   
00000041  P1SEL2                  
0000002a  P2DIR                   
0000002d  P2IE                    
0000002c  P2IES                   
0000002b  P2IFG                   
00000028  P2IN                    
00000029  P2OUT                   
0000002f  P2REN                   
0000002e  P2SEL                   
00000042  P2SEL2                  
00000172  TA0CCR0                 
00000174  TA0CCR1                 
00000176  TA0CCR2                 
00000162  TA0CCTL0                
00000164  TA0CCTL1                
00000166  TA0CCTL2                
00000160  TA0CTL                  
0000012e  TA0IV                   
00000170  TA0R                    
000010db  TLV_ADC10_1_LEN         
000010da  TLV_ADC10_1_TAG         
000010c0  TLV_CHECKSUM            
000010f7  TLV_DCO_30_LEN          
000010f6  TLV_DCO_30_TAG          
0000eaaa  Timer_A                 
0000007a  USICCTL                 
0000007a  USICKCTL                
0000007b  USICNT                  
00000078  USICTL                  
00000078  USICTL0                 
00000079  USICTL1                 
0000007c  USISR                   
0000007d  USISRH                  
0000007c  USISRL                  
00000120  WDTCTL                  
00000300  __STACK_END             
00000050  __STACK_SIZE            
UNDEFED   __TI_BINIT_Base         
UNDEFED   __TI_BINIT_Limit        
0000f292  __TI_CINIT_Base         
0000f296  __TI_CINIT_Limit        
0000f28e  __TI_Handler_Table_Base 
0000f292  __TI_Handler_Table_Limit
UNDEFED   __TI_INITARRAY_Base     
UNDEFED   __TI_INITARRAY_Limit    
0000f25a  __TI_ISR_TRAP           
0000f1f4  __TI_decompress_none    
0000f26e  __TI_decompress_rle24   
0000e84a  __TI_frcaddd            
0000e000  __TI_frcmpyd            
0000ffe4  __TI_int02              
0000ffe6  __TI_int03              
0000ffe8  __TI_int04              
0000ffea  __TI_int05              
0000fff0  __TI_int08              
0000fff2  __TI_int09              
0000fff4  __TI_int10              
0000fff6  __TI_int11              
0000fffc  __TI_int14              
ffffffff  __TI_pprof_out_hndl     
ffffffff  __TI_prof_data_size     
ffffffff  __TI_prof_data_start    
0000ecbe  __TI_renormd            
ffffffff  __c_args__              
0000e2f4  __mspabi_addd           
0000ebe2  __mspabi_cmpd           
0000f1e2  __mspabi_fixdu          
0000ee06  __mspabi_fixdul         
0000f262  __mspabi_fltud          
0000ed7c  __mspabi_fltuld         
0000f256  __mspabi_func_epilog_1  
0000f254  __mspabi_func_epilog_2  
0000f252  __mspabi_func_epilog_3  
0000f250  __mspabi_func_epilog_4  
0000f24e  __mspabi_func_epilog_5  
0000f24c  __mspabi_func_epilog_6  
0000f24a  __mspabi_func_epilog_7  
0000e5dc  __mspabi_mpyd           
0000f1ce  __mspabi_mpyi           
0000f1ce  __mspabi_mpyi_sw        
0000f18e  __mspabi_mpyl           
0000f18e  __mspabi_mpyl_sw        
0000f162  __mspabi_slli           
0000f18a  __mspabi_slli_1         
0000f178  __mspabi_slli_10        
0000f176  __mspabi_slli_11        
0000f174  __mspabi_slli_12        
0000f172  __mspabi_slli_13        
0000f170  __mspabi_slli_14        
0000f16e  __mspabi_slli_15        
0000f188  __mspabi_slli_2         
0000f186  __mspabi_slli_3         
0000f184  __mspabi_slli_4         
0000f182  __mspabi_slli_5         
0000f180  __mspabi_slli_6         
0000f17e  __mspabi_slli_7         
0000f17c  __mspabi_slli_8         
0000f17a  __mspabi_slli_9         
0000f23a  __mspabi_slll           
0000f0c4  __mspabi_slll_1         
0000f0a0  __mspabi_slll_10        
0000f09c  __mspabi_slll_11        
0000f098  __mspabi_slll_12        
0000f094  __mspabi_slll_13        
0000f090  __mspabi_slll_14        
0000f08c  __mspabi_slll_15        
0000f0c0  __mspabi_slll_2         
0000f0bc  __mspabi_slll_3         
0000f0b8  __mspabi_slll_4         
0000f0b4  __mspabi_slll_5         
0000f0b0  __mspabi_slll_6         
0000f0ac  __mspabi_slll_7         
0000f0a8  __mspabi_slll_8         
0000f0a4  __mspabi_slll_9         
0000f136  __mspabi_srai           
0000f15e  __mspabi_srai_1         
0000f14c  __mspabi_srai_10        
0000f14a  __mspabi_srai_11        
0000f148  __mspabi_srai_12        
0000f146  __mspabi_srai_13        
0000f144  __mspabi_srai_14        
0000f142  __mspabi_srai_15        
0000f15c  __mspabi_srai_2         
0000f15a  __mspabi_srai_3         
0000f158  __mspabi_srai_4         
0000f156  __mspabi_srai_5         
0000f154  __mspabi_srai_6         
0000f152  __mspabi_srai_7         
0000f150  __mspabi_srai_8         
0000f14e  __mspabi_srai_9         
0000f22a  __mspabi_sral           
0000f086  __mspabi_sral_1         
0000f062  __mspabi_sral_10        
0000f05e  __mspabi_sral_11        
0000f05a  __mspabi_sral_12        
0000f056  __mspabi_sral_13        
0000f052  __mspabi_sral_14        
0000f04e  __mspabi_sral_15        
0000f082  __mspabi_sral_2         
0000f07e  __mspabi_sral_3         
0000f07a  __mspabi_sral_4         
0000f076  __mspabi_sral_5         
0000f072  __mspabi_sral_6         
0000f06e  __mspabi_sral_7         
0000f06a  __mspabi_sral_8         
0000f066  __mspabi_sral_9         
0000f002  __mspabi_srli           
0000f048  __mspabi_srli_1         
0000f024  __mspabi_srli_10        
0000f020  __mspabi_srli_11        
0000f01c  __mspabi_srli_12        
0000f018  __mspabi_srli_13        
0000f014  __mspabi_srli_14        
0000f010  __mspabi_srli_15        
0000f044  __mspabi_srli_2         
0000f040  __mspabi_srli_3         
0000f03c  __mspabi_srli_4         
0000f038  __mspabi_srli_5         
0000f034  __mspabi_srli_6         
0000f030  __mspabi_srli_7         
0000f02c  __mspabi_srli_8         
0000f028  __mspabi_srli_9         
0000f206  __mspabi_srll           
0000efa0  __mspabi_srll_1         
0000ef6a  __mspabi_srll_10        
0000ef64  __mspabi_srll_11        
0000ef5e  __mspabi_srll_12        
0000ef58  __mspabi_srll_13        
0000ef52  __mspabi_srll_14        
0000ef4c  __mspabi_srll_15        
0000ef9a  __mspabi_srll_2         
0000ef94  __mspabi_srll_3         
0000ef8e  __mspabi_srll_4         
0000ef88  __mspabi_srll_5         
0000ef82  __mspabi_srll_6         
0000ef7c  __mspabi_srll_7         
0000ef76  __mspabi_srll_8         
0000ef70  __mspabi_srll_9         
0000f108  __mspabi_subd           
0000ee7a  _auto_init              
0000f1b4  _c_int00_noargs_noexit  
0000fffe  _reset_vector           
000002b0  _stack                  
0000f278  _system_post_cinit      
0000f274  _system_pre_init        
0000f268  abort                   
0000efa8  copy_in                 
0000020c  count                   
0000020e  dir                     
0000f0ca  main                    
0000f218  memcpy                  
00000202  porc                    
0000020a  state                   
00000200  timerCount              


GLOBAL SYMBOLS: SORTED BY Symbol Address 

address   name                    
-------   ----                    
00000000  IE1                     
00000002  IFG1                    
00000020  P1IN                    
00000021  P1OUT                   
00000022  P1DIR                   
00000023  P1IFG                   
00000024  P1IES                   
00000025  P1IE                    
00000026  P1SEL                   
00000027  P1REN                   
00000028  P2IN                    
00000029  P2OUT                   
0000002a  P2DIR                   
0000002b  P2IFG                   
0000002c  P2IES                   
0000002d  P2IE                    
0000002e  P2SEL                   
0000002f  P2REN                   
00000041  P1SEL2                  
00000042  P2SEL2                  
00000048  ADC10DTC0               
00000049  ADC10DTC1               
0000004a  ADC10AE0                
00000050  __STACK_SIZE            
00000053  BCSCTL3                 
00000056  DCOCTL                  
00000057  BCSCTL1                 
00000058  BCSCTL2                 
00000059  CACTL1                  
0000005a  CACTL2                  
0000005b  CAPD                    
00000078  USICTL                  
00000078  USICTL0                 
00000079  USICTL1                 
0000007a  USICCTL                 
0000007a  USICKCTL                
0000007b  USICNT                  
0000007c  USISR                   
0000007c  USISRL                  
0000007d  USISRH                  
00000120  WDTCTL                  
00000128  FCTL1                   
0000012a  FCTL2                   
0000012c  FCTL3                   
0000012e  TA0IV                   
00000160  TA0CTL                  
00000162  TA0CCTL0                
00000164  TA0CCTL1                
00000166  TA0CCTL2                
00000170  TA0R                    
00000172  TA0CCR0                 
00000174  TA0CCR1                 
00000176  TA0CCR2                 
000001b0  ADC10CTL0               
000001b2  ADC10CTL1               
000001b4  ADC10MEM                
000001bc  ADC10SA                 
00000200  timerCount              
00000202  porc                    
0000020a  state                   
0000020c  count                   
0000020e  dir                     
000002b0  _stack                  
00000300  __STACK_END             
000010c0  TLV_CHECKSUM            
000010da  TLV_ADC10_1_TAG         
000010db  TLV_ADC10_1_LEN         
000010f6  TLV_DCO_30_TAG          
000010f7  TLV_DCO_30_LEN          
000010f8  CALDCO_16MHZ            
000010f9  CALBC1_16MHZ            
000010fa  CALDCO_12MHZ            
000010fb  CALBC1_12MHZ            
000010fc  CALDCO_8MHZ             
000010fd  CALBC1_8MHZ             
000010fe  CALDCO_1MHZ             
000010ff  CALBC1_1MHZ             
0000e000  __TI_frcmpyd            
0000e2f4  __mspabi_addd           
0000e5dc  __mspabi_mpyd           
0000e84a  __TI_frcaddd            
0000eaaa  Timer_A                 
0000ebe2  __mspabi_cmpd           
0000ecbe  __TI_renormd            
0000ed7c  __mspabi_fltuld         
0000ee06  __mspabi_fixdul         
0000ee7a  _auto_init              
0000ef4c  __mspabi_srll_15        
0000ef52  __mspabi_srll_14        
0000ef58  __mspabi_srll_13        
0000ef5e  __mspabi_srll_12        
0000ef64  __mspabi_srll_11        
0000ef6a  __mspabi_srll_10        
0000ef70  __mspabi_srll_9         
0000ef76  __mspabi_srll_8         
0000ef7c  __mspabi_srll_7         
0000ef82  __mspabi_srll_6         
0000ef88  __mspabi_srll_5         
0000ef8e  __mspabi_srll_4         
0000ef94  __mspabi_srll_3         
0000ef9a  __mspabi_srll_2         
0000efa0  __mspabi_srll_1         
0000efa8  copy_in                 
0000f002  __mspabi_srli           
0000f010  __mspabi_srli_15        
0000f014  __mspabi_srli_14        
0000f018  __mspabi_srli_13        
0000f01c  __mspabi_srli_12        
0000f020  __mspabi_srli_11        
0000f024  __mspabi_srli_10        
0000f028  __mspabi_srli_9         
0000f02c  __mspabi_srli_8         
0000f030  __mspabi_srli_7         
0000f034  __mspabi_srli_6         
0000f038  __mspabi_srli_5         
0000f03c  __mspabi_srli_4         
0000f040  __mspabi_srli_3         
0000f044  __mspabi_srli_2         
0000f048  __mspabi_srli_1         
0000f04e  __mspabi_sral_15        
0000f052  __mspabi_sral_14        
0000f056  __mspabi_sral_13        
0000f05a  __mspabi_sral_12        
0000f05e  __mspabi_sral_11        
0000f062  __mspabi_sral_10        
0000f066  __mspabi_sral_9         
0000f06a  __mspabi_sral_8         
0000f06e  __mspabi_sral_7         
0000f072  __mspabi_sral_6         
0000f076  __mspabi_sral_5         
0000f07a  __mspabi_sral_4         
0000f07e  __mspabi_sral_3         
0000f082  __mspabi_sral_2         
0000f086  __mspabi_sral_1         
0000f08c  __mspabi_slll_15        
0000f090  __mspabi_slll_14        
0000f094  __mspabi_slll_13        
0000f098  __mspabi_slll_12        
0000f09c  __mspabi_slll_11        
0000f0a0  __mspabi_slll_10        
0000f0a4  __mspabi_slll_9         
0000f0a8  __mspabi_slll_8         
0000f0ac  __mspabi_slll_7         
0000f0b0  __mspabi_slll_6         
0000f0b4  __mspabi_slll_5         
0000f0b8  __mspabi_slll_4         
0000f0bc  __mspabi_slll_3         
0000f0c0  __mspabi_slll_2         
0000f0c4  __mspabi_slll_1         
0000f0ca  main                    
0000f108  __mspabi_subd           
0000f136  __mspabi_srai           
0000f142  __mspabi_srai_15        
0000f144  __mspabi_srai_14        
0000f146  __mspabi_srai_13        
0000f148  __mspabi_srai_12        
0000f14a  __mspabi_srai_11        
0000f14c  __mspabi_srai_10        
0000f14e  __mspabi_srai_9         
0000f150  __mspabi_srai_8         
0000f152  __mspabi_srai_7         
0000f154  __mspabi_srai_6         
0000f156  __mspabi_srai_5         
0000f158  __mspabi_srai_4         
0000f15a  __mspabi_srai_3         
0000f15c  __mspabi_srai_2         
0000f15e  __mspabi_srai_1         
0000f162  __mspabi_slli           
0000f16e  __mspabi_slli_15        
0000f170  __mspabi_slli_14        
0000f172  __mspabi_slli_13        
0000f174  __mspabi_slli_12        
0000f176  __mspabi_slli_11        
0000f178  __mspabi_slli_10        
0000f17a  __mspabi_slli_9         
0000f17c  __mspabi_slli_8         
0000f17e  __mspabi_slli_7         
0000f180  __mspabi_slli_6         
0000f182  __mspabi_slli_5         
0000f184  __mspabi_slli_4         
0000f186  __mspabi_slli_3         
0000f188  __mspabi_slli_2         
0000f18a  __mspabi_slli_1         
0000f18e  __mspabi_mpyl           
0000f18e  __mspabi_mpyl_sw        
0000f1b4  _c_int00_noargs_noexit  
0000f1ce  __mspabi_mpyi           
0000f1ce  __mspabi_mpyi_sw        
0000f1e2  __mspabi_fixdu          
0000f1f4  __TI_decompress_none    
0000f206  __mspabi_srll           
0000f218  memcpy                  
0000f22a  __mspabi_sral           
0000f23a  __mspabi_slll           
0000f24a  __mspabi_func_epilog_7  
0000f24c  __mspabi_func_epilog_6  
0000f24e  __mspabi_func_epilog_5  
0000f250  __mspabi_func_epilog_4  
0000f252  __mspabi_func_epilog_3  
0000f254  __mspabi_func_epilog_2  
0000f256  __mspabi_func_epilog_1  
0000f25a  __TI_ISR_TRAP           
0000f262  __mspabi_fltud          
0000f268  C$$EXIT                 
0000f268  abort                   
0000f26e  __TI_decompress_rle24   
0000f274  _system_pre_init        
0000f278  _system_post_cinit      
0000f28e  __TI_Handler_Table_Base 
0000f292  __TI_CINIT_Base         
0000f292  __TI_Handler_Table_Limit
0000f296  __TI_CINIT_Limit        
0000ffe4  __TI_int02              
0000ffe6  __TI_int03              
0000ffe8  __TI_int04              
0000ffea  __TI_int05              
0000fff0  __TI_int08              
0000fff2  __TI_int09              
0000fff4  __TI_int10              
0000fff6  __TI_int11              
0000fffc  __TI_int14              
0000fffe  _reset_vector           
ffffffff  __TI_pprof_out_hndl     
ffffffff  __TI_prof_data_size     
ffffffff  __TI_prof_data_start    
ffffffff  __c_args__              
UNDEFED   __TI_BINIT_Base         
UNDEFED   __TI_BINIT_Limit        
UNDEFED   __TI_INITARRAY_Base     
UNDEFED   __TI_INITARRAY_Limit    

[230 symbols]
